C251 COMPILER V5.60.0,  action                                                             29/03/25  18:02:38  PAGE 1   


C251 COMPILER V5.60.0, COMPILATION OF MODULE action
OBJECT MODULE PLACED IN .\Out_File\action.obj
COMPILER INVOKED BY: D:\keil\C251\BIN\C251.EXE ..\CODE\action.c XSMALL INTR2 FLOAT64 WARNINGLEVEL(3) OPTIMIZE(0,SPEED) B
                    -ROWSE INCDIR(..\..\Libraries\libraries;..\..\Libraries\seekfree_libraries;..\..\Libraries\seekfree_peripheral;..\CODE;..
                    -\USER\inc;..\USER\src;..\..\Libraries\seekfree_components) DEBUG PRINT(.\Out_File\action.lst) TABS(2) OBJECT(.\Out_File\
                    -action.obj) 

stmt  level    source

    1          /********************************************************************************************************
             -*************
    2           * @author        Niko
    3           * @Target core   STC32G12K128
    4           * @date          2025-3-6
    5           * @brief           此库为元素识别库，后续控制在主函数中进行
    6           * @Last editor     Niko
    7           ********************************************************************************************************
             -************/
    8          #include "headfile.h"
    9          #include  "action.h"
   10          #include "BD_ctrl.h"
   11          int  left_speed;
   12          int  right_speed; 
   13          void motor(void)
   14          {
   15   1          if(flag == NO_FLAG)
   16   1          {
   17   2              DRV8701_loop_ctrl(0,0);
   18   2          }
   19   1          if(flag == STRIAGHT)
   20   1          {  
   21   2             left_speed = 50;
   22   2             right_speed = 50;
   23   2             stra=stra*0.5;
   24   2             if (dg_state.L_l11_once<8&&dg_state.L_r11_once<8)
   25   2             {
   26   3              left_speed = left_speed + stra;
   27   3              right_speed = right_speed;
*** WARNING C138 IN LINE 27 OF ..\CODE\action.c: expression with possibly no effect
   28   3             }
   29   2             DRV8701_loop_ctrl(left_speed,right_speed);
   30   2          }
   31   1          // if(flag == Crossroads)
   32   1          // {
   33   1          //     DRV8701_loop_ctrl(100,100);
   34   1          // }
   35   1          if(flag == TurnLeft)
   36   1          {  
   37   2            left_speed = 50;
   38   2            right_speed = 10; 
   39   2            DRV8701_loop_ctrl(left_speed,right_speed);
   40   2          }
   41   1      
   42   1          
   43   1          if(flag == TurnRight)
   44   1          {
   45   2            left_speed = 10;
   46   2            right_speed = 60; 
   47   2            DRV8701_loop_ctrl(left_speed,right_speed);
   48   2          
   49   2          }
   50   1          if(flag == AngleLeft)
   51   1          {
   52   2              DRV8701_loop_ctrl(0,0);
   53   2          }
C251 COMPILER V5.60.0,  action                                                             29/03/25  18:02:38  PAGE 2   

   54   1          if(flag == AngleRight)
   55   1          {
   56   2              DRV8701_loop_ctrl(0,0);
   57   2          }
   58   1          if(flag == InRoundaboutL)
   59   1          {
   60   2             DRV8701_loop_ctrl(0,0);
   61   2          }
   62   1          if(flag == InRoundaboutR)
   63   1          {
   64   2             DRV8701_loop_ctrl(0,0);
   65   2          }
   66   1          if(flag == OutRoundaboutL)
   67   1          {
   68   2             DRV8701_loop_ctrl(0,0); 
   69   2          } 
   70   1      }


Module Information          Static   Overlayable
------------------------------------------------
  code size            =       339     ------
  ecode size           =    ------     ------
  data size            =    ------     ------
  idata size           =    ------     ------
  pdata size           =    ------     ------
  xdata size           =    ------     ------
  xdata-const size     =    ------     ------
  edata size           =         4     ------
  bit size             =    ------     ------
  ebit size            =    ------     ------
  bitaddressable size  =    ------     ------
  ebitaddressable size =    ------     ------
  far data size        =    ------     ------
  huge data size       =    ------     ------
  const size           =    ------     ------
  hconst size          =    ------     ------
End of Module Information.


C251 COMPILATION COMPLETE.  1 WARNING(S),  0 ERROR(S)
