C251 COMPILER V5.60.0,  BD_ctrl                                                            29/03/25  17:41:33  PAGE 1   


C251 COMPILER V5.60.0, COMPILATION OF MODULE BD_ctrl
OBJECT MODULE PLACED IN .\Out_File\BD_ctrl.obj
COMPILER INVOKED BY: D:\keil\C251\BIN\C251.EXE ..\CODE\BD_ctrl.c XSMALL INTR2 FLOAT64 WARNINGLEVEL(3) OPTIMIZE(0,SPEED) 
                    -BROWSE INCDIR(..\..\Libraries\libraries;..\..\Libraries\seekfree_libraries;..\..\Libraries\seekfree_peripheral;..\CODE;.
                    -.\USER\inc;..\USER\src;..\..\Libraries\seekfree_components) DEBUG PRINT(.\Out_File\BD_ctrl.lst) TABS(2) OBJECT(.\Out_Fil
                    -e\BD_ctrl.obj) 

stmt  level    source

    1          /********************************************************************************************************
             -*************
    2           * @author        Niko
    3           * @Target core   STC32G12K128
    4           * @date          2025-3-6
    5           * @brief           此库为元素识别库，后续控制在主函数中进行
    6           * @Last editor     Niko
    7           ********************************************************************************************************
             -************/
    8          
    9          #include "headfile.h"
   10          #include "BD_ctrl.h"
   11          
   12           int flag;
   13           int round_flag = 0;
   14           int stra;
   15           int error_11;
   16           int error_12;
   17           int error_13;
   18           int error_21;
   19           int l12_21;
   20           int r12_21;
   21          /************************************************
   22           函数名：Nelement_recogniz
   23           功 能：元素识别函数
   24           参 数：void
   25           返回值：void
   26          ************************************************/
   27          void Nelement_recogniz(void)
   28          {
   29   1          Nadc_normalization_max();
   30   1          Nadc_normalization_once();
   31   1          error_11=dg_state.L_l11_once-dg_state.L_r11_once;
   32   1          error_12=dg_state.L_l12_once-dg_state.L_r12_once;
   33   1          error_13=dg_state.L_l13_once-dg_state.L_r13_once;
   34   1          error_21=dg_state.L_l21_once-dg_state.L_r21_once;
   35   1          l12_21=dg_state.L_l12_once-dg_state.L_l21_once;
   36   1          r12_21=dg_state.L_r12_once-dg_state.L_r21_once;
   37   1          stra=error_12+error_21;
   38   1          stra=stra/2;
   39   1          /*以下为停止状态*/
   40   1          if ((uint16)dg_state.L_l11_once>200||(uint16)dg_state.L_l12_once>200||(uint16)dg_state.L_l13_once>200
             -||(uint16)dg_state.L_l21_once>200||(uint16)dg_state.L_r11_once>200||(uint16)dg_state.L_r12_once>200||(uint16)dg_state.L_
             -r13_once>200||(uint16)dg_state.L_r21_once>200)
   41   1          {
   42   2              flag = NO_FLAG;
   43   2          } 
   44   1          /*以下为直线识别部分*/
   45   1          if (dg_state.L_r13_once<105&&dg_state.L_r13_once>95&&dg_state.L_l13_once<8)
   46   1          {
   47   2              flag = STRIAGHT;
   48   2              round_flag = 0;
   49   2          }
   50   1          /*以下为十字路口识别部分*/
   51   1          // if (-2 <error_11&&error_11 < 2 && -2 <error_12&&error_12 < 2&&-2 <error_21 &&error_21< 2&&98 < dg_
             -state.L_r13_once && dg_state.L_r13_once < 102)
C251 COMPILER V5.60.0,  BD_ctrl                                                            29/03/25  17:41:33  PAGE 2   

   52   1          // {
   53   1          //     flag = Crossroads;
   54   1          // }
   55   1          /*以下为直角弯道识别部分*/
   56   1          if ( (dg_state.L_l11_once >35||dg_state.L_r11_once>40)&& dg_state.L_r13_once > 95)
   57   1          {
   58   2              if (error_11>5)
   59   2              {
   60   3                  flag = TurnLeft;
   61   3              }
   62   2              else if (error_11<-15)
   63   2              {
   64   3                  flag = TurnRight;
   65   3              }
   66   2              
   67   2          }
   68   1          else{
   69   2              flag = STRIAGHT;
   70   2          }
   71   1          if ((uint16)dg_state.L_l11_once>200||(uint16)dg_state.L_l12_once>200||(uint16)dg_state.L_l13_once>200
             -||(uint16)dg_state.L_l21_once>200||(uint16)dg_state.L_r12_once>200||(uint16)dg_state.L_r13_once>200||(uint16)dg_state.L_
             -r21_once>200)
   72   1          {
   73   2              flag = NO_FLAG;
   74   2          } 
   75   1      /*以下为锐角弯道识别部分*/
   76   1      //     if ( 2<dg_state.L_l13_once&&dg_state.L_l13_once<10)
   77   1      //     {
   78   1      //     if (error_12>15)
   79   1      //     {
   80   1      //         flag = AngleLeft;
   81   1      //     }
   82   1      //     else  if (error_12<-15)
   83   1      //     {
   84   1      //         flag = AngleRight;
   85   1      //     }
   86   1      // }
   87   1      
   88   1      /*以下为环岛识别部分*/
   89   1      
   90   1      //进入环岛
   91   1      
   92   1      //离开环岛
   93   1       
   94   1      }
   95          
   96          
   97          
   98          


Module Information          Static   Overlayable
------------------------------------------------
  code size            =       492     ------
  ecode size           =    ------     ------
  data size            =    ------     ------
  idata size           =    ------     ------
  pdata size           =    ------     ------
  xdata size           =    ------     ------
  xdata-const size     =    ------     ------
  edata size           =        18     ------
  bit size             =    ------     ------
  ebit size            =    ------     ------
  bitaddressable size  =    ------     ------
  ebitaddressable size =    ------     ------
  far data size        =    ------     ------
  huge data size       =    ------     ------
C251 COMPILER V5.60.0,  BD_ctrl                                                            29/03/25  17:41:33  PAGE 3   

  const size           =    ------     ------
  hconst size          =         6     ------
End of Module Information.


C251 COMPILATION COMPLETE.  0 WARNING(S),  0 ERROR(S)
