C251 COMPILER V5.60.0,  Common_perphreals                                                  04/03/25  13:23:51  PAGE 1   


C251 COMPILER V5.60.0, COMPILATION OF MODULE Common_perphreals
OBJECT MODULE PLACED IN .\Out_File\Common_perphreals.obj
COMPILER INVOKED BY: D:\C251\BIN\C251.EXE ..\CODE\Common_perphreals.c XSMALL INTR2 FLOAT64 WARNINGLEVEL(3) OPTIMIZE(0,SP
                    -EED) BROWSE INCDIR(..\..\Libraries\libraries;..\..\Libraries\seekfree_libraries;..\..\Libraries\seekfree_peripheral;..\C
                    -ODE;..\USER\inc;..\USER\src;..\..\Libraries\seekfree_components) DEBUG PRINT(.\Out_File\Common_perphreals.lst) TABS(2) O
                    -BJECT(.\Out_File\Common_perphreals.obj) 

stmt  level    source

    1          #include "headfile.h"
    2          //===================================================带方向编码器========================================
             -===========
    3          
    4          void Dir_encoder_init(void)
    5          {
    6   1        ctimer_count_init(SPEEDL_PLUSE);  //初始化定时器0作为外部计数
    7   1        ctimer_count_init(SPEEDR_PLUSE);  //初始化定时器3作为外部计数
    8   1      
    9   1      }
   10          
   11          int16 templ_pluse = 0;
   12          int16 tempr_pluse = 0;
   13          
   14          void Dir_encoder_get(void)
   15          {
   16   1          //读取采集到的编码器脉冲数
   17   1          templ_pluse = ctimer_count_read(SPEEDL_PLUSE);
   18   1          tempr_pluse = ctimer_count_read(SPEEDR_PLUSE);
   19   1      
   20   1          //计数器清零
   21   1          ctimer_count_clean(SPEEDL_PLUSE);
   22   1          ctimer_count_clean(SPEEDR_PLUSE);
   23   1        
   24   1          //采集方向信息
   25   1          if(1 == SPEEDL_DIR)    
   26   1              {
   27   2                  templ_pluse = -templ_pluse;
   28   2              }
   29   1      
   30   1          if(1 == SPEEDR_DIR)    
   31   1              {
   32   2                  tempr_pluse = -tempr_pluse;
   33   2              }
   34   1      }
   35          
   36          
   37          //===================================================带方向编码器========================================
             -===========
   38          
   39          //===================================================DRV8701=============================================
             -======
   40          
   41          void DRV8701_init(void)
   42          {
   43   1        pwm_init(PWM_1, 17000, 0);  //初始化PWM1  使用P60引脚  初始化频率为17Khz
   44   1        pwm_init(PWM_2, 17000, 0);  //初始化PWM2  使用P62引脚  初始化频率为17Khz
   45   1        
   46   1        gpio_mode(P6_4, GPO_PP);  // P64引脚设置为推挽输出
   47   1        gpio_mode(P6_0, GPO_PP);  // P60引脚设置为推挽输出
   48   1      
   49   1      }
   50          
   51          void DRV8701_ctrl(int32 L_speed,int32 R_speed)
   52          {
   53   1        constrain_float(L_speed,8000,-8000);
C251 COMPILER V5.60.0,  Common_perphreals                                                  04/03/25  13:23:51  PAGE 2   

   54   1        constrain_float(R_speed,8000,-8000);
   55   1        if(L_speed>=0)
   56   1        {
   57   2            DIR_1 = 0;
   58   2            pwm_duty(PWM_1, L_speed);
   59   2        }
   60   1        else
   61   1        {
   62   2            DIR_1 = 1;
   63   2            pwm_duty(PWM_1, -L_speed);
   64   2        
   65   2        }
   66   1        
   67   1        if(R_speed>=0)
   68   1        {
   69   2            DIR_2 = 0;
   70   2            pwm_duty(PWM_2, R_speed);
   71   2        }
   72   1        else
   73   1        {
   74   2            DIR_2 = 1;
   75   2            pwm_duty(PWM_2, -R_speed);
   76   2        
   77   2        }
   78   1      
   79   1      }
   80          
   81          //===================================================DRV8701=============================================
             -======


Module Information          Static   Overlayable
------------------------------------------------
  code size            =       314     ------
  ecode size           =    ------     ------
  data size            =    ------     ------
  idata size           =    ------     ------
  pdata size           =    ------     ------
  xdata size           =    ------     ------
  xdata-const size     =    ------     ------
  edata size           =        12     ------
  bit size             =    ------     ------
  ebit size            =    ------     ------
  bitaddressable size  =    ------     ------
  ebitaddressable size =    ------     ------
  far data size        =    ------     ------
  huge data size       =    ------     ------
  const size           =    ------     ------
  hconst size          =        12     ------
End of Module Information.


C251 COMPILATION COMPLETE.  0 WARNING(S),  0 ERROR(S)
